  n   win  kind  inh  adm nasty  json match med-kill  checks
  1     2 prime    0    0     0     0   yes        0       0
  2     2 prime    0    0     0     0   yes        0       0
  3     2 prime    0    0     0     0   yes        0       0
  4     5 prime    2    0     0     0   yes        3       3
  5     2 prime    0    0     0     0   yes        0       0
  6     3 prime    1    0     0     0   yes        1       1
  7     2 prime    0    0     0     0   yes        0       0
  8     7 prime    3    0     0     0   yes        5       5
  9     3 prime    1    0     0     0   yes        1       1
 10    19 prime    6    0     0     0   yes       11      17
 11    11 prime    4    0     0     0   yes        7       9
 12     3 prime    1    0     0     0   yes        1       1
 13    29 prime    7    0     1     1   yes       17      27
 14     5 prime    2    0     0     0   yes        2       3
 15    61 prime    8    2     0     0   yes       32      59
 16    29 prime    9    0     0     0   yes       14      27
 17    31 prime    9    0     0     0   yes       15      29
 18     3 prime    1    0     0     0   yes        1       1
 19    62 compo    9    1     3     3   yes       28      60
 20    47 prime    9    0     1     1   yes       22      45
 21    13 prime    5    0     0     0   yes        9      11
 22    19 prime    7    0     0     0   yes       10      17
 23     5 prime    2    0     0     0   yes        2       3
 24     7 prime    3    0     0     0   yes        4       5
 25    23 prime    8    0     0     0   yes       13      21
 26    47 prime   12    0     0     0   yes       23      45
 27     3 prime    1    0     0     0   yes        0       1
 28    79 prime   13    0     2     2   yes       34      77
 29    47 prime   14    0     0     0   yes       22      45
 30    19 prime    7    0     0     0   yes        8      17
 31    13 prime    5    0     0     0   yes        6      11
 32     7 prime    3    0     0     0   yes        3       5
 33    41 prime   12    0     0     0   yes       23      39
 34   127 prime   15    3     5     5   yes       51     125
 35     2 prime    0    0     0     0   yes        0       0
 36    43 prime   13    0     0     0   yes       20      41
 37     7 prime    3    0     0     0   yes        3       5
 38   109 prime   17    0     1     1   yes       47     107
 39     2 prime    0    0     0     0   yes        0       0
 40   134 compo   17    1     5     5   yes       52     132
 41    59 prime   16    0     0     0   yes       27      57
 42    83 prime   18    0     1     1   yes       34      81
 43    17 prime    6    0     0     0   yes        5      15
 44    59 prime   16    0     0     0   yes       24      57
 45   219 compo   19   11    10    10   yes       89     217
 46    43 prime   13    0     0     0   yes       23      41
 47   197 prime   20    5     4     4   yes       71     195
 48    71 prime   19    0     0     0   yes       30      69
 49   193 prime   20    4     7     7   yes       72     191
 50     7 prime    3    0     0     0   yes        2       5
 51   367 prime   21   30    10    10   yes      135     365
 52    37 prime   11    0     0     0   yes       14      35
 53   103 prime   22    0     0     0   yes       42     101
 54    89 prime   22    0     0     0   yes       35      87
 55   163 prime   23    0     5     5   yes       59     161
 56   179 prime   23    1     6     6   yes       67     177
 57    11 prime    4    0     0     0   yes        5       9
 58    53 prime   15    0     0     0   yes       22      51
 59    29 prime    9    0     0     0   yes       12      27
 60     7 prime    3    0     0     0   yes        1       5
 61    67 prime   18    0     0     0   yes       31      65
 62    83 prime   22    0     0     0   yes       28      81
 63   179 prime   25    0     2     2   yes       65     177
 64   107 prime   26    0     0     0   yes       42     105
 65    37 prime   11    0     0     0   yes       17      35

Derived state: derived_state_v2_1_65.json

All metadata, medium-prime filtering, scan classifications, nasty sets,
alive-composite sets, front-runners, and PRP cofactor checks passed.
No resolved semiprime occurs below any recorded scan front-runner.
