  n  win  kind  inh  adm nasty  json match cofactor-checks
 93  362 compo   35    6    37    10    NO              41
 94  353 prime   35    5    35    15    NO              40
 95  421 prime   35   11    46    19    NO              46
 96  353 prime   36    4    34    14    NO              40
 97    3 prime    1    0     0     0   yes               1
 98  537 compo   36   24    63    24    NO              60
 99  467 prime   36   15    54    10    NO              51
100    3 prime    1    0     0     0   yes               1
101   79 prime   21    0     0     0   yes              21
102  109 prime   28    0     0     0   yes              28
103  662 compo   37   39    84    33    NO              76
104  179 prime   38    0     2     1    NO              38
105  103 prime   26    0     0     0   yes              26
106    7 prime    3    0     0     0   yes               3
107  113 prime   29    0     0     0   yes              29
108    7 prime    3    0     0     0   yes               3
109   83 prime   22    0     0     0   yes              22
110  409 prime   39    7    40    17    NO              46
111   71 prime   19    0     0     0   yes              19
112  167 prime   38    0     0     0   yes              38
113  311 prime   41    0    22     7    NO              41
114  317 prime   41    0    24     9    NO              41
115  109 prime   28    0     0     0   yes              28
116   59 prime   16    0     0     0   yes              16
117   53 prime   15    0     0     0   yes              15

*** 11 problem(s):
    n=93: nasty mismatch, json-extra=[], derived-extra=[151, 157, 163, 173, 181, 193, 199, 223, 227, 233, 241, 257, 263, 269, 271, 277, 281, 283, 293, 307, 311, 313, 331, 337, 347, 353, 359]
    n=94: nasty mismatch, json-extra=[], derived-extra=[163, 173, 191, 193, 197, 211, 223, 227, 233, 239, 241, 263, 281, 283, 293, 307, 317, 331, 347, 349]
    n=95: nasty mismatch, json-extra=[], derived-extra=[163, 179, 181, 191, 193, 197, 211, 227, 229, 233, 241, 251, 269, 271, 281, 293, 311, 331, 347, 353, 359, 367, 373, 379, 401, 409, 419]
    n=96: nasty mismatch, json-extra=[], derived-extra=[157, 163, 173, 179, 193, 197, 223, 227, 229, 233, 251, 257, 263, 271, 283, 293, 307, 311, 337, 347]
    n=98: nasty mismatch, json-extra=[], derived-extra=[157, 167, 173, 193, 199, 211, 227, 229, 239, 251, 257, 271, 281, 293, 313, 317, 331, 337, 347, 349, 353, 359, 367, 379, 389, 397, 401, 409, 419, 421, 431, 433, 443, 449, 457, 467, 479, 499, 523]
    n=99: nasty mismatch, json-extra=[], derived-extra=[157, 163, 167, 173, 179, 181, 191, 197, 199, 211, 223, 227, 229, 241, 251, 257, 263, 271, 277, 281, 293, 311, 317, 331, 337, 347, 359, 367, 373, 379, 383, 389, 397, 401, 409, 419, 421, 431, 433, 439, 443, 449, 457, 463]
    n=103: nasty mismatch, json-extra=[], derived-extra=[163, 167, 173, 199, 211, 223, 227, 233, 239, 241, 257, 263, 269, 277, 281, 283, 293, 311, 313, 317, 337, 349, 353, 359, 367, 373, 379, 389, 397, 409, 419, 431, 449, 457, 461, 463, 479, 487, 499, 509, 523, 541, 563, 569, 571, 599, 601, 631, 641, 643, 647]
    n=104: nasty mismatch, json-extra=[], derived-extra=[167]
    n=110: nasty mismatch, json-extra=[], derived-extra=[173, 179, 181, 193, 199, 211, 227, 229, 241, 257, 269, 271, 277, 283, 293, 307, 311, 313, 331, 353, 383, 389, 397]
    n=113: nasty mismatch, json-extra=[], derived-extra=[193, 197, 211, 223, 227, 229, 233, 239, 251, 257, 263, 281, 283, 293, 307]
    n=114: nasty mismatch, json-extra=[], derived-extra=[181, 191, 193, 199, 223, 229, 233, 239, 241, 251, 271, 277, 293, 307, 313]
