PROVED SMALL d1_n1_m3
ROW PROVED n=1  d1=3  q0=3  q0^2=9
PROVED SMALL d1_n2_m5
ROW PROVED n=2  d1=5  q0=5  q0^2=25
PROVED SMALL d1_n3_m7
ROW PROVED n=3  d1=7  q0=5  q0^2=25
PROVED SMALL d1_n4_m19
ROW PROVED n=4  d1=19  q0=7  q0^2=49
PROVED SMALL d1_n5_m13
ROW PROVED n=5  d1=13  q0=11  q0^2=121
PROVED SMALL d1_n6_m17
ROW PROVED n=6  d1=17  q0=11  q0^2=121
PROVED SMALL d1_n7_m17
ROW PROVED n=7  d1=17  q0=11  q0^2=121
PROVED SMALL d1_n8_m13
ROW PROVED n=8  d1=13  q0=13  q0^2=169
PROVED SMALL d1_n9_m17
ROW PROVED n=9  d1=17  q0=13  q0^2=169
PROVED SMALL d1_n10_m23
ROW PROVED n=10  d1=23  q0=17  q0^2=289
PROVED SMALL d1_n11_m17
ROW PROVED n=11  d1=17  q0=17  q0^2=289
PROVED SMALL d1_n12_m37
ROW PROVED n=12  d1=37  q0=19  q0^2=361
PROVED SMALL d1_n13_m31
ROW PROVED n=13  d1=31  q0=19  q0^2=361
PROVED SMALL d1_n14_m41
ROW PROVED n=14  d1=41  q0=23  q0^2=529
PROVED SMALL d1_n15_m43
ROW PROVED n=15  d1=43  q0=23  q0^2=529
CERTIFY d1_n16_m97  (21 digits)
PROVED d1_n16_m97
ROW PROVED n=16  d1=97  q0=29  q0^2=841
CERTIFY d1_n17_m139  (23 digits)
PROVED d1_n17_m139
ROW PROVED n=17  d1=139  q0=29  q0^2=841
CERTIFY d1_n18_m47  (24 digits)
PROVED d1_n18_m47
ROW PROVED n=18  d1=47  q0=29  q0^2=841
CERTIFY d1_n19_m109  (26 digits)
PROVED d1_n19_m109
ROW PROVED n=19  d1=109  q0=29  q0^2=841
CERTIFY d1_n20_m37  (28 digits)
PROVED d1_n20_m37
ROW PROVED n=20  d1=37  q0=29  q0^2=841
CERTIFY d1_n21_m61  (30 digits)
PROVED d1_n21_m61
ROW PROVED n=21  d1=61  q0=31  q0^2=961
CERTIFY d1_n22_m73  (32 digits)
PROVED d1_n22_m73
ROW PROVED n=22  d1=73  q0=37  q0^2=1369
CERTIFY d1_n23_m37  (33 digits)
PROVED d1_n23_m37
ROW PROVED n=23  d1=37  q0=37  q0^2=1369
CERTIFY d1_n24_m109  (35 digits)
PROVED d1_n24_m109
ROW PROVED n=24  d1=109  q0=37  q0^2=1369
CERTIFY d1_n25_m59  (37 digits)
PROVED d1_n25_m59
ROW PROVED n=25  d1=59  q0=41  q0^2=1681
CERTIFY d1_n26_m79  (39 digits)
PROVED d1_n26_m79
ROW PROVED n=26  d1=79  q0=41  q0^2=1681
CERTIFY d1_n27_m227  (41 digits)
PROVED d1_n27_m227
ROW PROVED n=27  d1=227  q0=43  q0^2=1849
CERTIFY d1_n28_m61  (43 digits)
PROVED d1_n28_m61
ROW PROVED n=28  d1=61  q0=43  q0^2=1849
CERTIFY d1_n29_m127  (45 digits)
PROVED d1_n29_m127
ROW PROVED n=29  d1=127  q0=47  q0^2=2209
CERTIFY d1_n30_m71  (47 digits)
PROVED d1_n30_m71
ROW PROVED n=30  d1=71  q0=47  q0^2=2209
CERTIFY d1_n31_m59  (49 digits)
PROVED d1_n31_m59
ROW PROVED n=31  d1=59  q0=47  q0^2=2209
CERTIFY d1_n32_m131  (51 digits)
PROVED d1_n32_m131
ROW PROVED n=32  d1=131  q0=47  q0^2=2209
CERTIFY d1_n33_m269  (53 digits)
PROVED d1_n33_m269
ROW PROVED n=33  d1=269  q0=53  q0^2=2809
CERTIFY d1_n34_m79  (55 digits)
PROVED d1_n34_m79
ROW PROVED n=34  d1=79  q0=53  q0^2=2809
CERTIFY d1_n35_m73  (57 digits)
PROVED d1_n35_m73
ROW PROVED n=35  d1=73  q0=59  q0^2=3481
CERTIFY d1_n36_m79  (59 digits)
PROVED d1_n36_m79
ROW PROVED n=36  d1=79  q0=59  q0^2=3481
CERTIFY d1_n37_m149  (61 digits)
PROVED d1_n37_m149
ROW PROVED n=37  d1=149  q0=59  q0^2=3481
CERTIFY d1_n38_m71  (63 digits)
PROVED d1_n38_m71
ROW PROVED n=38  d1=71  q0=61  q0^2=3721
CERTIFY d1_n39_m61  (65 digits)
PROVED d1_n39_m61
ROW PROVED n=39  d1=61  q0=61  q0^2=3721
CERTIFY d1_n40_m97  (67 digits)
PROVED d1_n40_m97
ROW PROVED n=40  d1=97  q0=61  q0^2=3721
CERTIFY d1_n41_m181  (69 digits)
PROVED d1_n41_m181
ROW PROVED n=41  d1=181  q0=67  q0^2=4489
CERTIFY d1_n42_m73  (71 digits)
PROVED d1_n42_m73
ROW PROVED n=42  d1=73  q0=67  q0^2=4489
CERTIFY d1_n43_m241  (73 digits)
PROVED d1_n43_m241
ROW PROVED n=43  d1=241  q0=67  q0^2=4489
CERTIFY d1_n44_m193  (75 digits)
PROVED d1_n44_m193
ROW PROVED n=44  d1=193  q0=67  q0^2=4489
CERTIFY d1_n45_m197  (77 digits)
PROVED d1_n45_m197
ROW PROVED n=45  d1=197  q0=71  q0^2=5041
CERTIFY d1_n46_m163  (80 digits)
PROVED d1_n46_m163
ROW PROVED n=46  d1=163  q0=71  q0^2=5041
CERTIFY d1_n47_m101  (82 digits)
PROVED d1_n47_m101
ROW PROVED n=47  d1=101  q0=73  q0^2=5329
CERTIFY d1_n48_m139  (84 digits)
PROVED d1_n48_m139
ROW PROVED n=48  d1=139  q0=73  q0^2=5329
CERTIFY d1_n49_m241  (86 digits)
PROVED d1_n49_m241
ROW PROVED n=49  d1=241  q0=73  q0^2=5329
CERTIFY d1_n50_m541  (88 digits)
PROVED d1_n50_m541
ROW PROVED n=50  d1=541  q0=79  q0^2=6241
CERTIFY d1_n51_m109  (90 digits)
PROVED d1_n51_m109
ROW PROVED n=51  d1=109  q0=79  q0^2=6241
CERTIFY d1_n52_m149  (93 digits)
PROVED d1_n52_m149
ROW PROVED n=52  d1=149  q0=83  q0^2=6889
CERTIFY d1_n53_m229  (95 digits)
PROVED d1_n53_m229
ROW PROVED n=53  d1=229  q0=83  q0^2=6889
CERTIFY d1_n54_m149  (97 digits)
PROVED d1_n54_m149
ROW PROVED n=54  d1=149  q0=83  q0^2=6889
CERTIFY d1_n55_m139  (99 digits)
PROVED d1_n55_m139
ROW PROVED n=55  d1=139  q0=89  q0^2=7921
CERTIFY d1_n56_m293  (101 digits)
PROVED d1_n56_m293
ROW PROVED n=56  d1=293  q0=89  q0^2=7921
CERTIFY d1_n57_m191  (104 digits)
PROVED d1_n57_m191
ROW PROVED n=57  d1=191  q0=89  q0^2=7921
CERTIFY d1_n58_m227  (106 digits)
PROVED d1_n58_m227
ROW PROVED n=58  d1=227  q0=97  q0^2=9409
CERTIFY d1_n59_m97  (108 digits)
PROVED d1_n59_m97
ROW PROVED n=59  d1=97  q0=97  q0^2=9409
CERTIFY d1_n60_m659  (110 digits)
PROVED d1_n60_m659
ROW PROVED n=60  d1=659  q0=97  q0^2=9409
CERTIFY d1_n61_m173  (113 digits)
PROVED d1_n61_m173
ROW PROVED n=61  d1=173  q0=97  q0^2=9409
CERTIFY d1_n62_m823  (115 digits)
PROVED d1_n62_m823
ROW PROVED n=62  d1=823  q0=101  q0^2=10201
CERTIFY d1_n63_m241  (117 digits)
PROVED d1_n63_m241
ROW PROVED n=63  d1=241  q0=101  q0^2=10201
CERTIFY d1_n64_m109  (120 digits)
PROVED d1_n64_m109
ROW PROVED n=64  d1=109  q0=103  q0^2=10609
CERTIFY d1_n65_m103  (122 digits)
PROVED d1_n65_m103
ROW PROVED n=65  d1=103  q0=103  q0^2=10609
CERTIFY d1_n66_m139  (124 digits)
PROVED d1_n66_m139
ROW PROVED n=66  d1=139  q0=103  q0^2=10609
CERTIFY d1_n67_m353  (127 digits)
PROVED d1_n67_m353
ROW PROVED n=67  d1=353  q0=107  q0^2=11449
CERTIFY d1_n68_m193  (129 digits)
PROVED d1_n68_m193
ROW PROVED n=68  d1=193  q0=107  q0^2=11449
CERTIFY d1_n69_m431  (131 digits)
PROVED d1_n69_m431
ROW PROVED n=69  d1=431  q0=107  q0^2=11449
CERTIFY d1_n70_m229  (134 digits)
PROVED d1_n70_m229
ROW PROVED n=70  d1=229  q0=109  q0^2=11881
CERTIFY d1_n71_m149  (136 digits)
PROVED d1_n71_m149
ROW PROVED n=71  d1=149  q0=109  q0^2=11881
CERTIFY d1_n72_m229  (138 digits)
PROVED d1_n72_m229
ROW PROVED n=72  d1=229  q0=109  q0^2=11881
CERTIFY d1_n73_m607  (141 digits)
PROVED d1_n73_m607
ROW PROVED n=73  d1=607  q0=113  q0^2=12769
CERTIFY d1_n74_m337  (143 digits)
PROVED d1_n74_m337
ROW PROVED n=74  d1=337  q0=113  q0^2=12769
CERTIFY d1_n75_m653  (145 digits)
PROVED d1_n75_m653
ROW PROVED n=75  d1=653  q0=113  q0^2=12769
CERTIFY d1_n76_m467  (148 digits)
PROVED d1_n76_m467
ROW PROVED n=76  d1=467  q0=127  q0^2=16129
CERTIFY d1_n77_m421  (150 digits)
PROVED d1_n77_m421
ROW PROVED n=77  d1=421  q0=127  q0^2=16129
CERTIFY d1_n78_m173  (152 digits)
PROVED d1_n78_m173
ROW PROVED n=78  d1=173  q0=127  q0^2=16129
CERTIFY d1_n79_m271  (155 digits)
PROVED d1_n79_m271
ROW PROVED n=79  d1=271  q0=127  q0^2=16129
CERTIFY d1_n80_m337  (157 digits)
PROVED d1_n80_m337
ROW PROVED n=80  d1=337  q0=127  q0^2=16129
CERTIFY d1_n81_m139  (160 digits)
PROVED d1_n81_m139
ROW PROVED n=81  d1=139  q0=127  q0^2=16129
CERTIFY d1_n82_m139  (162 digits)
PROVED d1_n82_m139
ROW PROVED n=82  d1=139  q0=131  q0^2=17161
CERTIFY d1_n83_m181  (164 digits)
PROVED d1_n83_m181
ROW PROVED n=83  d1=181  q0=131  q0^2=17161
CERTIFY d1_n84_m283  (167 digits)
PROVED d1_n84_m283
ROW PROVED n=84  d1=283  q0=137  q0^2=18769
CERTIFY d1_n85_m449  (169 digits)
PROVED d1_n85_m449
ROW PROVED n=85  d1=449  q0=137  q0^2=18769
CERTIFY d1_n86_m967  (172 digits)
PROVED d1_n86_m967
ROW PROVED n=86  d1=967  q0=137  q0^2=18769
CERTIFY d1_n87_m829  (174 digits)
PROVED d1_n87_m829
ROW PROVED n=87  d1=829  q0=139  q0^2=19321
CERTIFY d1_n88_m157  (177 digits)
PROVED d1_n88_m157
ROW PROVED n=88  d1=157  q0=149  q0^2=22201
CERTIFY d1_n89_m181  (179 digits)
PROVED d1_n89_m181
ROW PROVED n=89  d1=181  q0=149  q0^2=22201
CERTIFY d1_n90_m199  (181 digits)
PROVED d1_n90_m199
ROW PROVED n=90  d1=199  q0=149  q0^2=22201
CERTIFY d1_n91_m911  (184 digits)
PROVED d1_n91_m911
ROW PROVED n=91  d1=911  q0=149  q0^2=22201
CERTIFY d1_n92_m163  (186 digits)
PROVED d1_n92_m163
ROW PROVED n=92  d1=163  q0=149  q0^2=22201
CERTIFY d1_n93_m281  (189 digits)
PROVED d1_n93_m281
ROW PROVED n=93  d1=281  q0=151  q0^2=22801
CERTIFY d1_n94_m331  (191 digits)
PROVED d1_n94_m331
ROW PROVED n=94  d1=331  q0=151  q0^2=22801
CERTIFY d1_n95_m181  (194 digits)
PROVED d1_n95_m181
ROW PROVED n=95  d1=181  q0=151  q0^2=22801
CERTIFY d1_n96_m229  (196 digits)
PROVED d1_n96_m229
ROW PROVED n=96  d1=229  q0=157  q0^2=24649
CERTIFY d1_n97_m227  (199 digits)
PROVED d1_n97_m227
ROW PROVED n=97  d1=227  q0=157  q0^2=24649
CERTIFY d1_n98_m157  (201 digits)
PROVED d1_n98_m157
ROW PROVED n=98  d1=157  q0=157  q0^2=24649
CERTIFY d1_n99_m251  (204 digits)
PROVED d1_n99_m251
ROW PROVED n=99  d1=251  q0=157  q0^2=24649
CERTIFY d1_n100_m251  (206 digits)
PROVED d1_n100_m251
ROW PROVED n=100  d1=251  q0=163  q0^2=26569
ALL 100 EXACT d1 VALUES PROVED; EVERY d1(n) IS PRIME FOR 1 <= n <= 100
