PROVED SMALL qplus1_n15_f1
PROVED SMALL qplus1_n15_f2
ROW PROVED n=15 SEMIPRIME
PROVED SMALL qplus1_n16_f1
PROVED SMALL qplus1_n16_f2
ROW PROVED n=16 SEMIPRIME
PROVED SMALL qplus1_n19_f1
PROVED SMALL qplus1_n19_f2
ROW PROVED n=19 SEMIPRIME
PROVED SMALL qplus1_n21_f1
CERTIFY qplus1_n21_f2  (27 digits)
PROVED qplus1_n21_f2
ROW PROVED n=21 SEMIPRIME
PROVED SMALL qplus1_n23_f1
CERTIFY qplus1_n23_f2  (30 digits)
PROVED qplus1_n23_f2
ROW PROVED n=23 SEMIPRIME
PROVED SMALL qplus1_n27_f1
CERTIFY qplus1_n27_f2  (29 digits)
PROVED qplus1_n27_f2
ROW PROVED n=27 SEMIPRIME
PROVED SMALL qplus1_n29_f1
CERTIFY qplus1_n29_f2  (42 digits)
PROVED qplus1_n29_f2
ROW PROVED n=29 SEMIPRIME
PROVED SMALL qplus1_n43_f1
CERTIFY qplus1_n43_f2  (60 digits)
PROVED qplus1_n43_f2
ROW PROVED n=43 SEMIPRIME
PROVED SMALL qplus1_n65_f1
CERTIFY qplus1_n65_f2  (108 digits)
PROVED qplus1_n65_f2
ROW PROVED n=65 SEMIPRIME
ALL 9 Q_n+1 SEMIPRIME CANDIDATES RIGOROUSLY PROVED
